What is Maven?
==============================
- Build mgmt tool
- Automating Build Process
- Dev in Java
- For Java Projects
- Enforces Industry standard Build Process and Best Practices
- From Apache
	`- Open Source and Free

What is Build mgmt
-----------------------------
- Download a code
- Download a required lib
- Create required setup & dir structure
- Compile
- UT
- Packge
- Deploy2Artifactory
----------------------------
	Automating Build Process
	---------------------------------
	makefile -> ant -> nant -> msbuild -> maven -> gradle
https://www.devopsschool.com/path/

=======================================
How to install Maven?
-----------------------------------
		JDK - 11
		- https://www.oracle.com/in/java/technologies/javase/jdk11-archive-downloads.html
		- https://jdk.java.net/archive/

		JAVA_HOME
		set JAVA_HOME "C:\Program Files\Java\jdk1.8.0"
		set PATH "%PATH%;%JAVA_HOME%\bin";

		setx JAVA_HOME "C:\Program Files\Java\jdk1.8.0"
		setx PATH "%PATH%;%JAVA_HOME%\bin";


		Download Maven & extract
		- https://maven.apache.org/download.cgi

		Set Maven-Path/bin into PATH env.

		set PATH "%PATH%;C:\tools\maven\bin";
		setx PATH "%PATH%;C:\tools\maven\bin";		
	========================
	DONE

How to validate
$ javac - JAVA DONE
$ java --version

$ mvn
$ mvn --version
========================================================

Step 1 - Create a project dir structure

mvn archetype:generate -DgroupId=com.devopsschool.software -DartifactId=chat -DarchetypeArtifactId=maven-archetype-quickstart -DinteractiveMode=false

================================================================================================================================================================================================================================================================================



E:\az\chat>mvn
[INFO] Scanning for projects...
[INFO] ------------------------------------------------------------------------
[INFO] BUILD FAILURE
[INFO] ------------------------------------------------------------------------
[INFO] Total time:  0.577 s
[INFO] Finished at: 2021-12-02T11:36:16+05:30
[INFO] ------------------------------------------------------------------------
[ERROR] No goals have been specified for this build. You must specify a valid lifecycle phase or a goal in the format <plugin-prefix>:<goal> or <plugin-group-id>:<plugin-artifact-id>[:<plugin-version>]:<goal>. Available lifecycle phases are: validate, initialize, generate-sources, process-sources, generate-resources, process-resources, compile, process-classes, generate-test-sources, process-test-sources, generate-test-resources, process-test-resources, test-compile, process-test-classes, test, prepare-package, package, pre-integration-test, integration-test, post-integration-test, verify, install, deploy, pre-clean, clean, post-clean, pre-site, site, post-site, site-deploy. -> [Help 1]
[ERROR]
[ERROR] To see the full stack trace of the errors, re-run Maven with the -e switch.
[ERROR] Re-run Maven using the -X switch to enable full debug logging.
[ERROR]
[ERROR] For more information about the errors and possible solutions, please read the following articles:
[ERROR] [Help 1] http://cwiki.apache.org/confluence/display/MAVEN/NoGoalSpecifiedException


What is goals?
What lifecycle phase 
	<plugin-prefix>:<goal>
What is plugins
===============================================
What is Lifecycle?
--------------------------------

Human Lifecycle?
-----------------------GOD---------------------------------
born -> kid -> teen -> young -> mid -> old -> die

Software Dev Lifecycle?
-----------------------Software Engieer--------------------
------------------------PROJECT Lifecycle-----------------------------------
Compile -> UT -> Package -> Dep2Artifactory
-------------------------------------------------------
		PHASE
Phase			Mantra(Goal)		Plugins:version (jar)
--------------------------------------------------------------
Compile			compile			core plugins
UT			test			core plugins
Package			package			core plugins
Dep2Artifactory		deploy			core plugins


What is Plugins?
-------------------------
All feature is power by plugins
-------------------
Core -> plugins
Community -> ext plugins


pom.xml
====================================
- its build file.
- Project Object Model
- Xml format
- contains
	Name 
	Version
	Depen
	Many many many more


groupId
artifactId

packaging: jar war ear pom

version
	Release - 1.0 1.1 1.1.1 [ major minor hotfix]
	Not Release - 1.0-SNAPSHOT 1.1-SNAPSHOT 1.1.1-SNAPSHOT [ major minor hotfix]	
name - Packagename
=======================================
Company name - microsoft
			office
				word
				excel
				slide
				outlook
				common
---------------CTO/EA
		Package Structure
		- Ease of Naming
		- Dep mgmt

		com.microsoft.office		==== groupId
		com.microsoft.office.word	==== artifactId
			import com.microsoft.office.common
		com.microsoft.office.excel
			import com.microsoft.office.common
		com.microsoft.office.common

		org

		net


mvn compile
mvn test
mvn package
==============================
https://maven.apache.org/ref/3.8.2/maven-core/lifecycles.html




















